
Allocating common symbols
Common symbol       size              file

adcVal              0x10              ..\obj\main.o
AdcBuff             0x20              ..\obj\main.o

Discarded input sections

 .text          0x00000000        0x0 ..\obj\stm32f10x_tim.o
 .data          0x00000000        0x0 ..\obj\stm32f10x_tim.o
 .bss           0x00000000        0x0 ..\obj\stm32f10x_tim.o
 .text.TIM_DeInit
                0x00000000      0x22c ..\obj\stm32f10x_tim.o
 .text.TIM_OC1Init
                0x00000000      0x118 ..\obj\stm32f10x_tim.o
 .text.TIM_OC2Init
                0x00000000      0x110 ..\obj\stm32f10x_tim.o
 .text.TIM_ICInit
                0x00000000       0xa8 ..\obj\stm32f10x_tim.o
 .text.TIM_PWMIConfig
                0x00000000       0xb8 ..\obj\stm32f10x_tim.o
 .text.TIM_BDTRConfig
                0x00000000       0x50 ..\obj\stm32f10x_tim.o
 .text.TIM_TimeBaseStructInit
                0x00000000       0x34 ..\obj\stm32f10x_tim.o
 .text.TIM_OCStructInit
                0x00000000       0x44 ..\obj\stm32f10x_tim.o
 .text.TIM_ICStructInit
                0x00000000       0x30 ..\obj\stm32f10x_tim.o
 .text.TIM_BDTRStructInit
                0x00000000       0x3c ..\obj\stm32f10x_tim.o
 .text.TIM_CtrlPWMOutputs
                0x00000000       0x4c ..\obj\stm32f10x_tim.o
 .text.TIM_GenerateEvent
                0x00000000       0x1c ..\obj\stm32f10x_tim.o
 .text.TIM_DMAConfig
                0x00000000       0x28 ..\obj\stm32f10x_tim.o
 .text.TIM_DMACmd
                0x00000000       0x48 ..\obj\stm32f10x_tim.o
 .text.TIM_InternalClockConfig
                0x00000000       0x24 ..\obj\stm32f10x_tim.o
 .text.TIM_ITRxExternalClockConfig
                0x00000000       0x30 ..\obj\stm32f10x_tim.o
 .text.TIM_TIxExternalClockConfig
                0x00000000       0x5c ..\obj\stm32f10x_tim.o
 .text.TIM_ETRClockMode1Config
                0x00000000       0x60 ..\obj\stm32f10x_tim.o
 .text.TIM_ETRClockMode2Config
                0x00000000       0x40 ..\obj\stm32f10x_tim.o
 .text.TIM_ETRConfig
                0x00000000       0x54 ..\obj\stm32f10x_tim.o
 .text.TIM_PrescalerConfig
                0x00000000       0x28 ..\obj\stm32f10x_tim.o
 .text.TIM_CounterModeConfig
                0x00000000       0x38 ..\obj\stm32f10x_tim.o
 .text.TIM_SelectInputTrigger
                0x00000000       0x38 ..\obj\stm32f10x_tim.o
 .text.TIM_EncoderInterfaceConfig
                0x00000000       0x98 ..\obj\stm32f10x_tim.o
 .text.TIM_ForcedOC1Config
                0x00000000       0x38 ..\obj\stm32f10x_tim.o
 .text.TIM_ForcedOC2Config
                0x00000000       0x3c ..\obj\stm32f10x_tim.o
 .text.TIM_ForcedOC3Config
                0x00000000       0x38 ..\obj\stm32f10x_tim.o
 .text.TIM_ForcedOC4Config
                0x00000000       0x3c ..\obj\stm32f10x_tim.o
 .text.TIM_ARRPreloadConfig
                0x00000000       0x40 ..\obj\stm32f10x_tim.o
 .text.TIM_SelectCOM
                0x00000000       0x40 ..\obj\stm32f10x_tim.o
 .text.TIM_SelectCCDMA
                0x00000000       0x40 ..\obj\stm32f10x_tim.o
 .text.TIM_CCPreloadControl
                0x00000000       0x40 ..\obj\stm32f10x_tim.o
 .text.TIM_OC1PreloadConfig
                0x00000000       0x38 ..\obj\stm32f10x_tim.o
 .text.TIM_OC2PreloadConfig
                0x00000000       0x3c ..\obj\stm32f10x_tim.o
 .text.TIM_OC3PreloadConfig
                0x00000000       0x38 ..\obj\stm32f10x_tim.o
 .text.TIM_OC4PreloadConfig
                0x00000000       0x3c ..\obj\stm32f10x_tim.o
 .text.TIM_OC1FastConfig
                0x00000000       0x38 ..\obj\stm32f10x_tim.o
 .text.TIM_OC2FastConfig
                0x00000000       0x3c ..\obj\stm32f10x_tim.o
 .text.TIM_OC3FastConfig
                0x00000000       0x38 ..\obj\stm32f10x_tim.o
 .text.TIM_OC4FastConfig
                0x00000000       0x3c ..\obj\stm32f10x_tim.o
 .text.TIM_ClearOC1Ref
                0x00000000       0x38 ..\obj\stm32f10x_tim.o
 .text.TIM_ClearOC2Ref
                0x00000000       0x3c ..\obj\stm32f10x_tim.o
 .text.TIM_ClearOC3Ref
                0x00000000       0x38 ..\obj\stm32f10x_tim.o
 .text.TIM_ClearOC4Ref
                0x00000000       0x3c ..\obj\stm32f10x_tim.o
 .text.TIM_OC1PolarityConfig
                0x00000000       0x38 ..\obj\stm32f10x_tim.o
 .text.TIM_OC1NPolarityConfig
                0x00000000       0x38 ..\obj\stm32f10x_tim.o
 .text.TIM_OC2PolarityConfig
                0x00000000       0x3c ..\obj\stm32f10x_tim.o
 .text.TIM_OC2NPolarityConfig
                0x00000000       0x3c ..\obj\stm32f10x_tim.o
 .text.TIM_OC3PolarityConfig
                0x00000000       0x3c ..\obj\stm32f10x_tim.o
 .text.TIM_OC3NPolarityConfig
                0x00000000       0x3c ..\obj\stm32f10x_tim.o
 .text.TIM_OC4PolarityConfig
                0x00000000       0x3c ..\obj\stm32f10x_tim.o
 .text.TIM_CCxCmd
                0x00000000       0x58 ..\obj\stm32f10x_tim.o
 .text.TIM_CCxNCmd
                0x00000000       0x58 ..\obj\stm32f10x_tim.o
 .text.TIM_SelectOCxM
                0x00000000       0xac ..\obj\stm32f10x_tim.o
 .text.TIM_UpdateDisableConfig
                0x00000000       0x40 ..\obj\stm32f10x_tim.o
 .text.TIM_UpdateRequestConfig
                0x00000000       0x40 ..\obj\stm32f10x_tim.o
 .text.TIM_SelectHallSensor
                0x00000000       0x40 ..\obj\stm32f10x_tim.o
 .text.TIM_SelectOnePulseMode
                0x00000000       0x38 ..\obj\stm32f10x_tim.o
 .text.TIM_SelectOutputTrigger
                0x00000000       0x38 ..\obj\stm32f10x_tim.o
 .text.TIM_SelectSlaveMode
                0x00000000       0x38 ..\obj\stm32f10x_tim.o
 .text.TIM_SelectMasterSlaveMode
                0x00000000       0x38 ..\obj\stm32f10x_tim.o
 .text.TIM_SetCounter
                0x00000000       0x1c ..\obj\stm32f10x_tim.o
 .text.TIM_SetAutoreload
                0x00000000       0x1c ..\obj\stm32f10x_tim.o
 .text.TIM_SetCompare1
                0x00000000       0x1c ..\obj\stm32f10x_tim.o
 .text.TIM_SetCompare2
                0x00000000       0x1c ..\obj\stm32f10x_tim.o
 .text.TIM_SetCompare3
                0x00000000       0x1c ..\obj\stm32f10x_tim.o
 .text.TIM_SetCompare4
                0x00000000       0x20 ..\obj\stm32f10x_tim.o
 .text.TIM_SetIC1Prescaler
                0x00000000       0x38 ..\obj\stm32f10x_tim.o
 .text.TIM_SetIC2Prescaler
                0x00000000       0x3c ..\obj\stm32f10x_tim.o
 .text.TIM_SetIC3Prescaler
                0x00000000       0x38 ..\obj\stm32f10x_tim.o
 .text.TIM_SetIC4Prescaler
                0x00000000       0x3c ..\obj\stm32f10x_tim.o
 .text.TIM_SetClockDivision
                0x00000000       0x38 ..\obj\stm32f10x_tim.o
 .text.TIM_GetCapture1
                0x00000000       0x18 ..\obj\stm32f10x_tim.o
 .text.TIM_GetCapture2
                0x00000000       0x18 ..\obj\stm32f10x_tim.o
 .text.TIM_GetCapture3
                0x00000000       0x18 ..\obj\stm32f10x_tim.o
 .text.TIM_GetCapture4
                0x00000000       0x1c ..\obj\stm32f10x_tim.o
 .text.TIM_GetCounter
                0x00000000       0x18 ..\obj\stm32f10x_tim.o
 .text.TIM_GetPrescaler
                0x00000000       0x18 ..\obj\stm32f10x_tim.o
 .text.TIM_GetFlagStatus
                0x00000000       0x38 ..\obj\stm32f10x_tim.o
 .text.TIM_ClearFlag
                0x00000000       0x20 ..\obj\stm32f10x_tim.o
 .text.TIM_GetITStatus
                0x00000000       0x54 ..\obj\stm32f10x_tim.o
 .text.TI1_Config
                0x00000000       0xe0 ..\obj\stm32f10x_tim.o
 .text.TI2_Config
                0x00000000       0xf4 ..\obj\stm32f10x_tim.o
 .text.TI3_Config
                0x00000000       0xec ..\obj\stm32f10x_tim.o
 .text.TI4_Config
                0x00000000       0xf8 ..\obj\stm32f10x_tim.o
 .text          0x00000000        0x0 ..\obj\timer.o
 .data          0x00000000        0x0 ..\obj\timer.o
 .bss           0x00000000        0x0 ..\obj\timer.o
 .text          0x00000000        0x0 ..\obj\system_stm32f10x.o
 .data          0x00000000       0x14 ..\obj\system_stm32f10x.o
 .bss           0x00000000        0x0 ..\obj\system_stm32f10x.o
 .text.SystemCoreClockUpdate
                0x00000000       0xd8 ..\obj\system_stm32f10x.o
 .text          0x00000000        0x0 ..\obj\startup_stm32f10x_md.o
 .data          0x00000000        0x0 ..\obj\startup_stm32f10x_md.o
 .bss           0x00000000        0x0 ..\obj\startup_stm32f10x_md.o
 .text          0x00000000        0x0 ..\obj\stm32f10x_gpio.o
 .data          0x00000000        0x0 ..\obj\stm32f10x_gpio.o
 .bss           0x00000000        0x0 ..\obj\stm32f10x_gpio.o
 .text.GPIO_DeInit
                0x00000000       0xe4 ..\obj\stm32f10x_gpio.o
 .text.GPIO_AFIODeInit
                0x00000000       0x18 ..\obj\stm32f10x_gpio.o
 .text.GPIO_ReadInputDataBit
                0x00000000       0x34 ..\obj\stm32f10x_gpio.o
 .text.GPIO_ReadInputData
                0x00000000       0x18 ..\obj\stm32f10x_gpio.o
 .text.GPIO_ReadOutputDataBit
                0x00000000       0x34 ..\obj\stm32f10x_gpio.o
 .text.GPIO_ReadOutputData
                0x00000000       0x18 ..\obj\stm32f10x_gpio.o
 .text.GPIO_SetBits
                0x00000000       0x1c ..\obj\stm32f10x_gpio.o
 .text.GPIO_ResetBits
                0x00000000       0x1c ..\obj\stm32f10x_gpio.o
 .text.GPIO_WriteBit
                0x00000000       0x30 ..\obj\stm32f10x_gpio.o
 .text.GPIO_Write
                0x00000000       0x1c ..\obj\stm32f10x_gpio.o
 .text.GPIO_PinLockConfig
                0x00000000       0x44 ..\obj\stm32f10x_gpio.o
 .text.GPIO_EventOutputConfig
                0x00000000       0x4c ..\obj\stm32f10x_gpio.o
 .text.GPIO_EventOutputCmd
                0x00000000       0x20 ..\obj\stm32f10x_gpio.o
 .text.GPIO_EXTILineConfig
                0x00000000       0x84 ..\obj\stm32f10x_gpio.o
 .text.GPIO_ETH_MediaInterfaceConfig
                0x00000000       0x1c ..\obj\stm32f10x_gpio.o
 .text          0x00000000        0x0 ..\obj\main.o
 .bss           0x00000000        0x0 ..\obj\main.o
 .text          0x00000000        0x0 ..\obj\stm32f10x_rcc.o
 .data          0x00000000       0x14 ..\obj\stm32f10x_rcc.o
 .bss           0x00000000        0x0 ..\obj\stm32f10x_rcc.o
 .text.RCC_DeInit
                0x00000000       0x5c ..\obj\stm32f10x_rcc.o
 .text.RCC_HSEConfig
                0x00000000       0x5c ..\obj\stm32f10x_rcc.o
 .text.RCC_WaitForHSEStartUp
                0x00000000       0x50 ..\obj\stm32f10x_rcc.o
 .text.RCC_AdjustHSICalibrationValue
                0x00000000       0x3c ..\obj\stm32f10x_rcc.o
 .text.RCC_HSICmd
                0x00000000       0x20 ..\obj\stm32f10x_rcc.o
 .text.RCC_PLLConfig
                0x00000000       0x3c ..\obj\stm32f10x_rcc.o
 .text.RCC_PLLCmd
                0x00000000       0x20 ..\obj\stm32f10x_rcc.o
 .text.RCC_SYSCLKConfig
                0x00000000       0x38 ..\obj\stm32f10x_rcc.o
 .text.RCC_GetSYSCLKSource
                0x00000000       0x1c ..\obj\stm32f10x_rcc.o
 .text.RCC_HCLKConfig
                0x00000000       0x38 ..\obj\stm32f10x_rcc.o
 .text.RCC_PCLK1Config
                0x00000000       0x38 ..\obj\stm32f10x_rcc.o
 .text.RCC_PCLK2Config
                0x00000000       0x38 ..\obj\stm32f10x_rcc.o
 .text.RCC_ITConfig
                0x00000000       0x4c ..\obj\stm32f10x_rcc.o
 .text.RCC_USBCLKConfig
                0x00000000       0x1c ..\obj\stm32f10x_rcc.o
 .text.RCC_ADCCLKConfig
                0x00000000       0x38 ..\obj\stm32f10x_rcc.o
 .text.RCC_LSEConfig
                0x00000000       0x40 ..\obj\stm32f10x_rcc.o
 .text.RCC_LSICmd
                0x00000000       0x20 ..\obj\stm32f10x_rcc.o
 .text.RCC_RTCCLKConfig
                0x00000000       0x24 ..\obj\stm32f10x_rcc.o
 .text.RCC_RTCCLKCmd
                0x00000000       0x20 ..\obj\stm32f10x_rcc.o
 .text.RCC_GetClocksFreq
                0x00000000      0x160 ..\obj\stm32f10x_rcc.o
 .text.RCC_APB2PeriphResetCmd
                0x00000000       0x3c ..\obj\stm32f10x_rcc.o
 .text.RCC_APB1PeriphResetCmd
                0x00000000       0x3c ..\obj\stm32f10x_rcc.o
 .text.RCC_BackupResetCmd
                0x00000000       0x20 ..\obj\stm32f10x_rcc.o
 .text.RCC_ClockSecuritySystemCmd
                0x00000000       0x20 ..\obj\stm32f10x_rcc.o
 .text.RCC_MCOConfig
                0x00000000       0x20 ..\obj\stm32f10x_rcc.o
 .text.RCC_GetFlagStatus
                0x00000000       0x74 ..\obj\stm32f10x_rcc.o
 .text.RCC_ClearFlag
                0x00000000       0x1c ..\obj\stm32f10x_rcc.o
 .text.RCC_GetITStatus
                0x00000000       0x34 ..\obj\stm32f10x_rcc.o
 .text.RCC_ClearITPendingBit
                0x00000000       0x20 ..\obj\stm32f10x_rcc.o
 .text          0x00000000        0x0 ..\obj\stm32f10x_adc.o
 .data          0x00000000        0x0 ..\obj\stm32f10x_adc.o
 .bss           0x00000000        0x0 ..\obj\stm32f10x_adc.o
 .text.ADC_DeInit
                0x00000000       0x74 ..\obj\stm32f10x_adc.o
 .text.ADC_StructInit
                0x00000000       0x38 ..\obj\stm32f10x_adc.o
 .text.ADC_ITConfig
                0x00000000       0x44 ..\obj\stm32f10x_adc.o
 .text.ADC_GetResetCalibrationStatus
                0x00000000       0x30 ..\obj\stm32f10x_adc.o
 .text.ADC_GetSoftwareStartConvStatus
                0x00000000       0x30 ..\obj\stm32f10x_adc.o
 .text.ADC_DiscModeChannelCountConfig
                0x00000000       0x44 ..\obj\stm32f10x_adc.o
 .text.ADC_DiscModeCmd
                0x00000000       0x38 ..\obj\stm32f10x_adc.o
 .text.ADC_ExternalTrigConvCmd
                0x00000000       0x38 ..\obj\stm32f10x_adc.o
 .text.ADC_GetConversionValue
                0x00000000       0x18 ..\obj\stm32f10x_adc.o
 .text.ADC_GetDualModeConversionValue
                0x00000000       0x14 ..\obj\stm32f10x_adc.o
 .text.ADC_AutoInjectedConvCmd
                0x00000000       0x38 ..\obj\stm32f10x_adc.o
 .text.ADC_InjectedDiscModeCmd
                0x00000000       0x38 ..\obj\stm32f10x_adc.o
 .text.ADC_ExternalTrigInjectedConvConfig
                0x00000000       0x34 ..\obj\stm32f10x_adc.o
 .text.ADC_ExternalTrigInjectedConvCmd
                0x00000000       0x38 ..\obj\stm32f10x_adc.o
 .text.ADC_SoftwareStartInjectedConvCmd
                0x00000000       0x38 ..\obj\stm32f10x_adc.o
 .text.ADC_GetSoftwareStartInjectedConvCmdStatus
                0x00000000       0x30 ..\obj\stm32f10x_adc.o
 .text.ADC_InjectedChannelConfig
                0x00000000      0x120 ..\obj\stm32f10x_adc.o
 .text.ADC_InjectedSequencerLengthConfig
                0x00000000       0x44 ..\obj\stm32f10x_adc.o
 .text.ADC_SetInjectedOffset
                0x00000000       0x34 ..\obj\stm32f10x_adc.o
 .text.ADC_GetInjectedConversionValue
                0x00000000       0x30 ..\obj\stm32f10x_adc.o
 .text.ADC_AnalogWatchdogCmd
                0x00000000       0x38 ..\obj\stm32f10x_adc.o
 .text.ADC_AnalogWatchdogThresholdsConfig
                0x00000000       0x28 ..\obj\stm32f10x_adc.o
 .text.ADC_AnalogWatchdogSingleChannelConfig
                0x00000000       0x38 ..\obj\stm32f10x_adc.o
 .text.ADC_TempSensorVrefintCmd
                0x00000000       0x38 ..\obj\stm32f10x_adc.o
 .text.ADC_GetFlagStatus
                0x00000000       0x34 ..\obj\stm32f10x_adc.o
 .text.ADC_ClearFlag
                0x00000000       0x20 ..\obj\stm32f10x_adc.o
 .text.ADC_GetITStatus
                0x00000000       0x54 ..\obj\stm32f10x_adc.o
 .text.ADC_ClearITPendingBit
                0x00000000       0x2c ..\obj\stm32f10x_adc.o
 .text          0x00000000        0x0 ..\obj\SERVO.o
 .data          0x00000000        0x0 ..\obj\SERVO.o
 .bss           0x00000000        0x0 ..\obj\SERVO.o
 .text          0x00000000        0x0 ..\obj\stm32f10x_usart.o
 .data          0x00000000        0x0 ..\obj\stm32f10x_usart.o
 .bss           0x00000000        0x0 ..\obj\stm32f10x_usart.o
 .text.USART_DeInit
                0x00000000       0xb8 ..\obj\stm32f10x_usart.o
 .text.USART_Init
                0x00000000      0x174 ..\obj\stm32f10x_usart.o
 .text.USART_StructInit
                0x00000000       0x38 ..\obj\stm32f10x_usart.o
 .text.USART_ClockInit
                0x00000000       0x58 ..\obj\stm32f10x_usart.o
 .text.USART_ClockStructInit
                0x00000000       0x2c ..\obj\stm32f10x_usart.o
 .text.USART_Cmd
                0x00000000       0x40 ..\obj\stm32f10x_usart.o
 .text.USART_ITConfig
                0x00000000       0x90 ..\obj\stm32f10x_usart.o
 .text.USART_DMACmd
                0x00000000       0x48 ..\obj\stm32f10x_usart.o
 .text.USART_SetAddress
                0x00000000       0x38 ..\obj\stm32f10x_usart.o
 .text.USART_WakeUpConfig
                0x00000000       0x38 ..\obj\stm32f10x_usart.o
 .text.USART_ReceiverWakeUpCmd
                0x00000000       0x40 ..\obj\stm32f10x_usart.o
 .text.USART_LINBreakDetectLengthConfig
                0x00000000       0x38 ..\obj\stm32f10x_usart.o
 .text.USART_LINCmd
                0x00000000       0x40 ..\obj\stm32f10x_usart.o
 .text.USART_SendData
                0x00000000       0x24 ..\obj\stm32f10x_usart.o
 .text.USART_ReceiveData
                0x00000000       0x20 ..\obj\stm32f10x_usart.o
 .text.USART_SendBreak
                0x00000000       0x24 ..\obj\stm32f10x_usart.o
 .text.USART_SetGuardTime
                0x00000000       0x3c ..\obj\stm32f10x_usart.o
 .text.USART_SetPrescaler
                0x00000000       0x38 ..\obj\stm32f10x_usart.o
 .text.USART_SmartCardCmd
                0x00000000       0x40 ..\obj\stm32f10x_usart.o
 .text.USART_SmartCardNACKCmd
                0x00000000       0x40 ..\obj\stm32f10x_usart.o
 .text.USART_HalfDuplexCmd
                0x00000000       0x40 ..\obj\stm32f10x_usart.o
 .text.USART_OverSampling8Cmd
                0x00000000       0x44 ..\obj\stm32f10x_usart.o
 .text.USART_OneBitMethodCmd
                0x00000000       0x40 ..\obj\stm32f10x_usart.o
 .text.USART_IrDAConfig
                0x00000000       0x38 ..\obj\stm32f10x_usart.o
 .text.USART_IrDACmd
                0x00000000       0x40 ..\obj\stm32f10x_usart.o
 .text.USART_GetFlagStatus
                0x00000000       0x38 ..\obj\stm32f10x_usart.o
 .text.USART_ClearFlag
                0x00000000       0x20 ..\obj\stm32f10x_usart.o
 .text.USART_GetITStatus
                0x00000000       0xb4 ..\obj\stm32f10x_usart.o
 .text.USART_ClearITPendingBit
                0x00000000       0x38 ..\obj\stm32f10x_usart.o
 .debug_info    0x00000000      0x9f0 ..\obj\stm32f10x_usart.o
 .debug_abbrev  0x00000000      0x164 ..\obj\stm32f10x_usart.o
 .debug_aranges
                0x00000000      0x100 ..\obj\stm32f10x_usart.o
 .debug_ranges  0x00000000       0xf0 ..\obj\stm32f10x_usart.o
 .debug_line    0x00000000      0x4ba ..\obj\stm32f10x_usart.o
 .debug_str     0x00000000      0x699 ..\obj\stm32f10x_usart.o
 .comment       0x00000000       0x6f ..\obj\stm32f10x_usart.o
 .debug_frame   0x00000000      0x490 ..\obj\stm32f10x_usart.o
 .ARM.attributes
                0x00000000       0x33 ..\obj\stm32f10x_usart.o
 .text          0x00000000        0x0 ..\obj\Serial_USART.o
 .data          0x00000000        0x0 ..\obj\Serial_USART.o
 .bss           0x00000000        0x0 ..\obj\Serial_USART.o
 .text.GPIO_USART2
                0x00000000       0x44 ..\obj\Serial_USART.o
 .text.USART_conf
                0x00000000       0x48 ..\obj\Serial_USART.o
 .text.receive_byte_USARTx
                0x00000000       0x34 ..\obj\Serial_USART.o
 .text.send_byte_USARTx
                0x00000000       0x34 ..\obj\Serial_USART.o
 .debug_info    0x00000000      0x3fd ..\obj\Serial_USART.o
 .debug_abbrev  0x00000000      0x125 ..\obj\Serial_USART.o
 .debug_aranges
                0x00000000       0x38 ..\obj\Serial_USART.o
 .debug_ranges  0x00000000       0x28 ..\obj\Serial_USART.o
 .debug_line    0x00000000      0x24c ..\obj\Serial_USART.o
 .debug_str     0x00000000      0x404 ..\obj\Serial_USART.o
 .comment       0x00000000       0x6f ..\obj\Serial_USART.o
 .debug_frame   0x00000000       0xa0 ..\obj\Serial_USART.o
 .ARM.attributes
                0x00000000       0x33 ..\obj\Serial_USART.o
 .text          0x00000000        0x0 ..\obj\syscalls.o
 .data          0x00000000        0x0 ..\obj\syscalls.o
 .bss           0x00000000        0x4 ..\obj\syscalls.o
 .text._sbrk    0x00000000       0x3c ..\obj\syscalls.o
 .text.link     0x00000000       0x18 ..\obj\syscalls.o
 .text._close   0x00000000       0x18 ..\obj\syscalls.o
 .text._fstat   0x00000000       0x20 ..\obj\syscalls.o
 .text._isatty  0x00000000       0x14 ..\obj\syscalls.o
 .text._lseek   0x00000000       0x18 ..\obj\syscalls.o
 .text._read    0x00000000       0x18 ..\obj\syscalls.o
 .text._write   0x00000000       0x18 ..\obj\syscalls.o
 .text.abort    0x00000000        0x8 ..\obj\syscalls.o
 .debug_info    0x00000000      0x458 ..\obj\syscalls.o
 .debug_abbrev  0x00000000       0xe5 ..\obj\syscalls.o
 .debug_aranges
                0x00000000       0x60 ..\obj\syscalls.o
 .debug_ranges  0x00000000       0x50 ..\obj\syscalls.o
 .debug_line    0x00000000      0x1ea ..\obj\syscalls.o
 .debug_str     0x00000000      0x331 ..\obj\syscalls.o
 .comment       0x00000000       0x6f ..\obj\syscalls.o
 .debug_frame   0x00000000      0x168 ..\obj\syscalls.o
 .ARM.attributes
                0x00000000       0x33 ..\obj\syscalls.o
 .text          0x00000000        0x0 ..\obj\stm32f10x_dma.o
 .data          0x00000000        0x0 ..\obj\stm32f10x_dma.o
 .bss           0x00000000        0x0 ..\obj\stm32f10x_dma.o
 .text.DMA_StructInit
                0x00000000       0x54 ..\obj\stm32f10x_dma.o
 .text.DMA_SetCurrDataCounter
                0x00000000       0x1c ..\obj\stm32f10x_dma.o
 .text.DMA_ClearFlag
                0x00000000       0x34 ..\obj\stm32f10x_dma.o
 .text.DMA_GetITStatus
                0x00000000       0x50 ..\obj\stm32f10x_dma.o
 .text.DMA_ClearITPendingBit
                0x00000000       0x34 ..\obj\stm32f10x_dma.o
 .text          0x00000000        0x0 ..\obj\misc.o
 .data          0x00000000        0x0 ..\obj\misc.o
 .bss           0x00000000        0x0 ..\obj\misc.o
 .text.NVIC_SetVectorTable
                0x00000000       0x2c ..\obj\misc.o
 .text.NVIC_SystemLPConfig
                0x00000000       0x40 ..\obj\misc.o
 .text.SysTick_CLKSourceConfig
                0x00000000       0x38 ..\obj\misc.o

Memory Configuration

Name             Origin             Length             Attributes
rom              0x08000000         0x00020000         xr
ram              0x20000000         0x00005000         xrw
*default*        0x00000000         0xffffffff

Linker script and memory map

                0x20005000                _eram = 0x20005000

.text           0x08000000     0x1610
 *(.isr_vector)
 .isr_vector    0x08000000      0x10c ..\obj\startup_stm32f10x_md.o
                0x08000000                g_pfnVectors
 *(.text*)
 .text.TIM_TimeBaseInit
                0x0800010c       0xf8 ..\obj\stm32f10x_tim.o
                0x0800010c                TIM_TimeBaseInit
 .text.TIM_OC3Init
                0x08000204      0x10c ..\obj\stm32f10x_tim.o
                0x08000204                TIM_OC3Init
 .text.TIM_OC4Init
                0x08000310       0xd0 ..\obj\stm32f10x_tim.o
                0x08000310                TIM_OC4Init
 .text.TIM_Cmd  0x080003e0       0x40 ..\obj\stm32f10x_tim.o
                0x080003e0                TIM_Cmd
 .text.TIM_ITConfig
                0x08000420       0x48 ..\obj\stm32f10x_tim.o
                0x08000420                TIM_ITConfig
 .text.TIM_ClearITPendingBit
                0x08000468       0x20 ..\obj\stm32f10x_tim.o
                0x08000468                TIM_ClearITPendingBit
 .text.GPIOPWMPC8_9
                0x08000488       0x40 ..\obj\timer.o
                0x08000488                GPIOPWMPC8_9
 .text.PWM_PC8_9_Init
                0x080004c8       0x74 ..\obj\timer.o
                0x080004c8                PWM_PC8_9_Init
 .text.Timer_Iniciar
                0x0800053c       0x38 ..\obj\timer.o
                0x0800053c                Timer_Iniciar
 .text.Timer_OC_Iniciar
                0x08000574       0x2c ..\obj\timer.o
                0x08000574                Timer_OC_Iniciar
 .text.Timer_Int_Iniciar
                0x080005a0       0x20 ..\obj\timer.o
                0x080005a0                Timer_Int_Iniciar
 .text.NVIC_conf
                0x080005c0       0x30 ..\obj\timer.o
                0x080005c0                NVIC_conf
 .text.PWM_dutyTauschen
                0x080005f0       0x4c ..\obj\timer.o
                0x080005f0                PWM_dutyTauschen
 .text.SystemInit
                0x0800063c       0x68 ..\obj\system_stm32f10x.o
                0x0800063c                SystemInit
 .text.SetSysClock
                0x080006a4        0xc ..\obj\system_stm32f10x.o
 .text.SetSysClockTo72
                0x080006b0      0x100 ..\obj\system_stm32f10x.o
 .text.Default_Reset_Handler
                0x080007b0       0x60 ..\obj\startup_stm32f10x_md.o
                0x080007b0                Default_Reset_Handler
                0x080007b0                Reset_Handler
 .text.Default_Handler
                0x08000810        0x8 ..\obj\startup_stm32f10x_md.o
                0x08000810                EXTI2_IRQHandler
                0x08000810                DebugMon_Handler
                0x08000810                TIM1_CC_IRQHandler
                0x08000810                HardFault_Handler
                0x08000810                SysTick_Handler
                0x08000810                PVD_IRQHandler
                0x08000810                PendSV_Handler
                0x08000810                NMI_Handler
                0x08000810                EXTI3_IRQHandler
                0x08000810                EXTI0_IRQHandler
                0x08000810                I2C2_EV_IRQHandler
                0x08000810                UsageFault_Handler
                0x08000810                ADC1_2_IRQHandler
                0x08000810                SPI1_IRQHandler
                0x08000810                TAMPER_IRQHandler
                0x08000810                DMA1_Channel4_IRQHandler
                0x08000810                USART3_IRQHandler
                0x08000810                RTC_IRQHandler
                0x08000810                DMA1_Channel7_IRQHandler
                0x08000810                CAN1_RX1_IRQHandler
                0x08000810                I2C1_EV_IRQHandler
                0x08000810                DMA1_Channel6_IRQHandler
                0x08000810                TIM3_IRQHandler
                0x08000810                RCC_IRQHandler
                0x08000810                TIM1_TRG_COM_IRQHandler
                0x08000810                DMA1_Channel1_IRQHandler
                0x08000810                EXTI15_10_IRQHandler
                0x08000810                EXTI9_5_IRQHandler
                0x08000810                SPI2_IRQHandler
                0x08000810                MemManage_Handler
                0x08000810                SVC_Handler
                0x08000810                DMA1_Channel5_IRQHandler
                0x08000810                EXTI4_IRQHandler
                0x08000810                USB_LP_CAN1_RX0_IRQHandler
                0x08000810                USB_HP_CAN1_TX_IRQHandler
                0x08000810                DMA1_Channel3_IRQHandler
                0x08000810                TIM1_UP_IRQHandler
                0x08000810                WWDG_IRQHandler
                0x08000810                TIM2_IRQHandler
                0x08000810                TIM1_BRK_IRQHandler
                0x08000810                EXTI1_IRQHandler
                0x08000810                RTCAlarm_IRQHandler
                0x08000810                USART2_IRQHandler
                0x08000810                I2C2_ER_IRQHandler
                0x08000810                DMA1_Channel2_IRQHandler
                0x08000810                CAN1_SCE_IRQHandler
                0x08000810                FLASH_IRQHandler
                0x08000810                BusFault_Handler
                0x08000810                USART1_IRQHandler
                0x08000810                I2C1_ER_IRQHandler
                0x08000810                USBWakeUp_IRQHandler
 .text.GPIO_Init
                0x08000818      0x178 ..\obj\stm32f10x_gpio.o
                0x08000818                GPIO_Init
 .text.GPIO_StructInit
                0x08000990       0x28 ..\obj\stm32f10x_gpio.o
                0x08000990                GPIO_StructInit
 .text.GPIO_PinRemapConfig
                0x080009b8       0xe0 ..\obj\stm32f10x_gpio.o
                0x080009b8                GPIO_PinRemapConfig
 .text.main     0x08000a98       0xb8 ..\obj\main.o
                0x08000a98                main
 .text.TIM4_IRQHandler
                0x08000b50       0x4c ..\obj\main.o
                0x08000b50                TIM4_IRQHandler
 .text.configADC
                0x08000b9c       0xcc ..\obj\main.o
                0x08000b9c                configADC
 .text.configDMA
                0x08000c68       0x78 ..\obj\main.o
                0x08000c68                configDMA
 .text.RCC_AHBPeriphClockCmd
                0x08000ce0       0x3c ..\obj\stm32f10x_rcc.o
                0x08000ce0                RCC_AHBPeriphClockCmd
 .text.RCC_APB2PeriphClockCmd
                0x08000d1c       0x3c ..\obj\stm32f10x_rcc.o
                0x08000d1c                RCC_APB2PeriphClockCmd
 .text.RCC_APB1PeriphClockCmd
                0x08000d58       0x3c ..\obj\stm32f10x_rcc.o
                0x08000d58                RCC_APB1PeriphClockCmd
 .text.ADC_Init
                0x08000d94       0xa4 ..\obj\stm32f10x_adc.o
                0x08000d94                ADC_Init
 .text.ADC_Cmd  0x08000e38       0x38 ..\obj\stm32f10x_adc.o
                0x08000e38                ADC_Cmd
 .text.ADC_DMACmd
                0x08000e70       0x38 ..\obj\stm32f10x_adc.o
                0x08000e70                ADC_DMACmd
 .text.ADC_ResetCalibration
                0x08000ea8       0x20 ..\obj\stm32f10x_adc.o
                0x08000ea8                ADC_ResetCalibration
 .text.ADC_StartCalibration
                0x08000ec8       0x20 ..\obj\stm32f10x_adc.o
                0x08000ec8                ADC_StartCalibration
 .text.ADC_GetCalibrationStatus
                0x08000ee8       0x30 ..\obj\stm32f10x_adc.o
                0x08000ee8                ADC_GetCalibrationStatus
 .text.ADC_SoftwareStartConvCmd
                0x08000f18       0x38 ..\obj\stm32f10x_adc.o
                0x08000f18                ADC_SoftwareStartConvCmd
 .text.ADC_RegularChannelConfig
                0x08000f50      0x194 ..\obj\stm32f10x_adc.o
                0x08000f50                ADC_RegularChannelConfig
 .text.Servo_Bewegung
                0x080010e4      0x174 ..\obj\SERVO.o
                0x080010e4                Servo_Bewegung
 .text.DMA_DeInit
                0x08001258      0x178 ..\obj\stm32f10x_dma.o
                0x08001258                DMA_DeInit
 .text.DMA_Init
                0x080013d0       0x7c ..\obj\stm32f10x_dma.o
                0x080013d0                DMA_Init
 .text.DMA_Cmd  0x0800144c       0x38 ..\obj\stm32f10x_dma.o
                0x0800144c                DMA_Cmd
 .text.DMA_ITConfig
                0x08001484       0x3c ..\obj\stm32f10x_dma.o
                0x08001484                DMA_ITConfig
 .text.DMA_GetCurrDataCounter
                0x080014c0       0x18 ..\obj\stm32f10x_dma.o
                0x080014c0                DMA_GetCurrDataCounter
 .text.DMA_GetFlagStatus
                0x080014d8       0x50 ..\obj\stm32f10x_dma.o
                0x080014d8                DMA_GetFlagStatus
 .text.NVIC_PriorityGroupConfig
                0x08001528       0x24 ..\obj\misc.o
                0x08001528                NVIC_PriorityGroupConfig
 .text.NVIC_Init
                0x0800154c       0xc4 ..\obj\misc.o
                0x0800154c                NVIC_Init
 *(.init)
 *(.fini)
 *crtbegin.o(.ctors)
 *crtbegin?.o(.ctors)
 *(EXCLUDE_FILE(*crtend.o *crtend?.o) .ctors)
 *(SORT(.ctors.*))
 *(.ctors)
 *crtbegin.o(.dtors)
 *crtbegin?.o(.dtors)
 *(EXCLUDE_FILE(*crtend.o *crtend?.o) .dtors)
 *(SORT(.dtors.*))
 *(.dtors)
 *(.rodata*)
 *(.eh_fram e*)

.glue_7         0x08001610        0x0
 .glue_7        0x08001610        0x0 linker stubs

.glue_7t        0x08001610        0x0
 .glue_7t       0x08001610        0x0 linker stubs

.vfp11_veneer   0x08001610        0x0
 .vfp11_veneer  0x08001610        0x0 linker stubs

.v4_bx          0x08001610        0x0
 .v4_bx         0x08001610        0x0 linker stubs

.iplt           0x08001610        0x0
 .iplt          0x08001610        0x0 ..\obj\stm32f10x_tim.o

.rel.dyn        0x08001610        0x0
 .rel.iplt      0x08001610        0x0 ..\obj\stm32f10x_tim.o

.ARM.extab
 *(.ARM.extab* .gnu.linkonce.armextab.*)
                0x08001610                __exidx_start = .

.ARM.exidx
 *(.ARM.exidx* .gnu.linkonce.armexidx.*)
                0x08001610                __exidx_end = .
                0x08001610                __etext = .
                0x08001610                _sidata = __etext

.data           0x20000000        0x4 load address 0x08001610
                0x20000000                __data_start__ = .
                0x20000000                _sdata = __data_start__
 *(vtable)
 *(.data*)
 .data          0x20000000        0x4 ..\obj\main.o
                0x20000000                servoh
                0x20000002                servov
                0x20000004                . = ALIGN (0x4)
                [!provide]                PROVIDE (__preinit_array_start, .)
 *(.preinit_array)
                [!provide]                PROVIDE (__preinit_array_end, .)
                0x20000004                . = ALIGN (0x4)
                [!provide]                PROVIDE (__init_array_start, .)
 *(SORT(.init_array.*))
 *(.init_array)
                [!provide]                PROVIDE (__init_array_end, .)
                0x20000004                . = ALIGN (0x4)
                [!provide]                PROVIDE (__fini_array_start, .)
 *(SORT(.fini_array.*))
 *(.fini_array)
                [!provide]                PROVIDE (__fini_array_end, .)
 *(.jcr*)
                0x20000004                . = ALIGN (0x4)
                0x20000004                __data_end__ = .
                0x20000004                _edata = __data_end__

.igot.plt       0x20000004        0x0 load address 0x08001614
 .igot.plt      0x20000004        0x0 ..\obj\stm32f10x_tim.o

.bss            0x20000004       0x30 load address 0x08001614
                0x20000004                . = ALIGN (0x4)
                0x20000004                __bss_start__ = .
                0x20000004                _sbss = __bss_start__
 *(.bss*)
 *(COMMON)
 COMMON         0x20000004       0x30 ..\obj\main.o
                0x20000004                adcVal
                0x20000014                AdcBuff
                0x20000034                . = ALIGN (0x4)
                0x20000034                __bss_end__ = .
                0x20000034                _ebss = __bss_end__

.heap           0x20000034        0x0
                0x20000034                __end__ = .
                0x20000034                _end = __end__
                0x20000034                end = __end__
 *(.heap*)
                0x20000034                __HeapLimit = .

.co_stack       0x20000034      0x404 load address 0x08001644
                0x20000038                . = ALIGN (0x8)
 *fill*         0x20000034        0x4 
 *(.co_stack .co_stack.*)
 .co_stack      0x20000038      0x400 ..\obj\startup_stm32f10x_md.o
                0x20000038                pulStack
                0x20005000                __StackTop = (ORIGIN (ram) + LENGTH (ram))
                0x20004bfc                __StackLimit = (__StackTop - SIZEOF (.co_stack))
                [!provide]                PROVIDE (__stack, __StackTop)
                0x00000001                ASSERT ((__StackLimit >= __HeapLimit), region ram  overflowed with stack)
LOAD ..\obj\stm32f10x_tim.o
LOAD ..\obj\timer.o
LOAD ..\obj\system_stm32f10x.o
LOAD ..\obj\startup_stm32f10x_md.o
LOAD ..\obj\stm32f10x_gpio.o
LOAD ..\obj\main.o
LOAD ..\obj\stm32f10x_rcc.o
LOAD ..\obj\stm32f10x_adc.o
LOAD ..\obj\SERVO.o
LOAD ..\obj\stm32f10x_usart.o
LOAD ..\obj\Serial_USART.o
LOAD ..\obj\syscalls.o
LOAD ..\obj\stm32f10x_dma.o
LOAD ..\obj\misc.o
START GROUP
LOAD c:/program files (x86)/gnu tools arm embedded/5.4 2016q2/bin/../lib/gcc/arm-none-eabi/5.4.1/armv7-m\libgcc.a
LOAD c:/program files (x86)/gnu tools arm embedded/5.4 2016q2/bin/../lib/gcc/arm-none-eabi/5.4.1/../../../../arm-none-eabi/lib/armv7-m\libg.a
LOAD c:/program files (x86)/gnu tools arm embedded/5.4 2016q2/bin/../lib/gcc/arm-none-eabi/5.4.1/../../../../arm-none-eabi/lib/armv7-m\libc.a
END GROUP
OUTPUT(AdcDma.elf elf32-littlearm)

.debug_info     0x00000000     0x57cd
 .debug_info    0x00000000     0x1c60 ..\obj\stm32f10x_tim.o
 .debug_info    0x00001c60      0x7b9 ..\obj\timer.o
 .debug_info    0x00002419      0x49c ..\obj\system_stm32f10x.o
 .debug_info    0x000028b5       0xee ..\obj\startup_stm32f10x_md.o
 .debug_info    0x000029a3      0x6f6 ..\obj\stm32f10x_gpio.o
 .debug_info    0x00003099      0x7b7 ..\obj\main.o
 .debug_info    0x00003850      0x8a3 ..\obj\stm32f10x_rcc.o
 .debug_info    0x000040f3      0xb7c ..\obj\stm32f10x_adc.o
 .debug_info    0x00004c6f      0x18d ..\obj\SERVO.o
 .debug_info    0x00004dfc      0x47b ..\obj\stm32f10x_dma.o
 .debug_info    0x00005277      0x556 ..\obj\misc.o

.debug_abbrev   0x00000000      0xeb2
 .debug_abbrev  0x00000000      0x1b2 ..\obj\stm32f10x_tim.o
 .debug_abbrev  0x000001b2      0x141 ..\obj\timer.o
 .debug_abbrev  0x000002f3      0x14e ..\obj\system_stm32f10x.o
 .debug_abbrev  0x00000441       0xa7 ..\obj\startup_stm32f10x_md.o
 .debug_abbrev  0x000004e8      0x1cc ..\obj\stm32f10x_gpio.o
 .debug_abbrev  0x000006b4      0x16d ..\obj\main.o
 .debug_abbrev  0x00000821      0x1bc ..\obj\stm32f10x_rcc.o
 .debug_abbrev  0x000009dd      0x19a ..\obj\stm32f10x_adc.o
 .debug_abbrev  0x00000b77       0x9d ..\obj\SERVO.o
 .debug_abbrev  0x00000c14      0x157 ..\obj\stm32f10x_dma.o
 .debug_abbrev  0x00000d6b      0x147 ..\obj\misc.o

.debug_aranges  0x00000000      0x7a0
 .debug_aranges
                0x00000000      0x2f0 ..\obj\stm32f10x_tim.o
 .debug_aranges
                0x000002f0       0x50 ..\obj\timer.o
 .debug_aranges
                0x00000340       0x38 ..\obj\system_stm32f10x.o
 .debug_aranges
                0x00000378       0x28 ..\obj\startup_stm32f10x_md.o
 .debug_aranges
                0x000003a0       0xa8 ..\obj\stm32f10x_gpio.o
 .debug_aranges
                0x00000448       0x38 ..\obj\main.o
 .debug_aranges
                0x00000480      0x118 ..\obj\stm32f10x_rcc.o
 .debug_aranges
                0x00000598      0x138 ..\obj\stm32f10x_adc.o
 .debug_aranges
                0x000006d0       0x20 ..\obj\SERVO.o
 .debug_aranges
                0x000006f0       0x70 ..\obj\stm32f10x_dma.o
 .debug_aranges
                0x00000760       0x40 ..\obj\misc.o

.debug_ranges   0x00000000      0x6f0
 .debug_ranges  0x00000000      0x2e0 ..\obj\stm32f10x_tim.o
 .debug_ranges  0x000002e0       0x40 ..\obj\timer.o
 .debug_ranges  0x00000320       0x28 ..\obj\system_stm32f10x.o
 .debug_ranges  0x00000348       0x18 ..\obj\startup_stm32f10x_md.o
 .debug_ranges  0x00000360       0x98 ..\obj\stm32f10x_gpio.o
 .debug_ranges  0x000003f8       0x28 ..\obj\main.o
 .debug_ranges  0x00000420      0x108 ..\obj\stm32f10x_rcc.o
 .debug_ranges  0x00000528      0x128 ..\obj\stm32f10x_adc.o
 .debug_ranges  0x00000650       0x10 ..\obj\SERVO.o
 .debug_ranges  0x00000660       0x60 ..\obj\stm32f10x_dma.o
 .debug_ranges  0x000006c0       0x30 ..\obj\misc.o

.debug_line     0x00000000     0x2854
 .debug_line    0x00000000      0xb58 ..\obj\stm32f10x_tim.o
 .debug_line    0x00000b58      0x293 ..\obj\timer.o
 .debug_line    0x00000deb      0x226 ..\obj\system_stm32f10x.o
 .debug_line    0x00001011       0xa3 ..\obj\startup_stm32f10x_md.o
 .debug_line    0x000010b4      0x3d8 ..\obj\stm32f10x_gpio.o
 .debug_line    0x0000148c      0x297 ..\obj\main.o
 .debug_line    0x00001723      0x4d3 ..\obj\stm32f10x_rcc.o
 .debug_line    0x00001bf6      0x542 ..\obj\stm32f10x_adc.o
 .debug_line    0x00002138      0x191 ..\obj\SERVO.o
 .debug_line    0x000022c9      0x340 ..\obj\stm32f10x_dma.o
 .debug_line    0x00002609      0x24b ..\obj\misc.o

.debug_str      0x00000000     0x2498
 .debug_str     0x00000000      0xd23 ..\obj\stm32f10x_tim.o
                                0xde6 (size before relaxing)
 .debug_str     0x00000d23      0x557 ..\obj\timer.o
                                0x8e5 (size before relaxing)
 .debug_str     0x0000127a      0x173 ..\obj\system_stm32f10x.o
                                0x2f8 (size before relaxing)
 .debug_str     0x000013ed       0xb1 ..\obj\startup_stm32f10x_md.o
                                0x148 (size before relaxing)
 .debug_str     0x0000149e      0x262 ..\obj\stm32f10x_gpio.o
                                0x522 (size before relaxing)
 .debug_str     0x00001700      0x23c ..\obj\main.o
                                0x5f1 (size before relaxing)
 .debug_str     0x0000193c      0x3e9 ..\obj\stm32f10x_rcc.o
                                0x623 (size before relaxing)
 .debug_str     0x00001d25      0x46d ..\obj\stm32f10x_adc.o
                                0x704 (size before relaxing)
 .debug_str     0x00002192       0x73 ..\obj\SERVO.o
                                0x1bd (size before relaxing)
 .debug_str     0x00002205      0x140 ..\obj\stm32f10x_dma.o
                                0x3c0 (size before relaxing)
 .debug_str     0x00002345      0x153 ..\obj\misc.o
                                0x3c7 (size before relaxing)

.comment        0x00000000       0x6e
 .comment       0x00000000       0x6e ..\obj\stm32f10x_tim.o
                                 0x6f (size before relaxing)
 .comment       0x0000006e       0x6f ..\obj\timer.o
 .comment       0x0000006e       0x6f ..\obj\system_stm32f10x.o
 .comment       0x0000006e       0x6f ..\obj\startup_stm32f10x_md.o
 .comment       0x0000006e       0x6f ..\obj\stm32f10x_gpio.o
 .comment       0x0000006e       0x6f ..\obj\main.o
 .comment       0x0000006e       0x6f ..\obj\stm32f10x_rcc.o
 .comment       0x0000006e       0x6f ..\obj\stm32f10x_adc.o
 .comment       0x0000006e       0x6f ..\obj\SERVO.o
 .comment       0x0000006e       0x6f ..\obj\stm32f10x_dma.o
 .comment       0x0000006e       0x6f ..\obj\misc.o

.ARM.attributes
                0x00000000       0x33
 .ARM.attributes
                0x00000000       0x33 ..\obj\stm32f10x_tim.o
 .ARM.attributes
                0x00000033       0x33 ..\obj\timer.o
 .ARM.attributes
                0x00000066       0x33 ..\obj\system_stm32f10x.o
 .ARM.attributes
                0x00000099       0x33 ..\obj\startup_stm32f10x_md.o
 .ARM.attributes
                0x000000cc       0x33 ..\obj\stm32f10x_gpio.o
 .ARM.attributes
                0x000000ff       0x33 ..\obj\main.o
 .ARM.attributes
                0x00000132       0x33 ..\obj\stm32f10x_rcc.o
 .ARM.attributes
                0x00000165       0x33 ..\obj\stm32f10x_adc.o
 .ARM.attributes
                0x00000198       0x33 ..\obj\SERVO.o
 .ARM.attributes
                0x000001cb       0x33 ..\obj\stm32f10x_dma.o
 .ARM.attributes
                0x000001fe       0x33 ..\obj\misc.o

.debug_frame    0x00000000     0x20f4
 .debug_frame   0x00000000      0xe2c ..\obj\stm32f10x_tim.o
 .debug_frame   0x00000e2c      0x104 ..\obj\timer.o
 .debug_frame   0x00000f30       0x98 ..\obj\system_stm32f10x.o
 .debug_frame   0x00000fc8       0x4c ..\obj\startup_stm32f10x_md.o
 .debug_frame   0x00001014      0x2d0 ..\obj\stm32f10x_gpio.o
 .debug_frame   0x000012e4       0xa0 ..\obj\main.o
 .debug_frame   0x00001384      0x4f4 ..\obj\stm32f10x_rcc.o
 .debug_frame   0x00001878      0x5a4 ..\obj\stm32f10x_adc.o
 .debug_frame   0x00001e1c       0x38 ..\obj\SERVO.o
 .debug_frame   0x00001e54      0x1c8 ..\obj\stm32f10x_dma.o
 .debug_frame   0x0000201c       0xd8 ..\obj\misc.o
